[New LWP 170978]
[New LWP 170973]
[New LWP 170972]
[New LWP 170971]
[New LWP 170970]
[New LWP 170968]
[New LWP 170967]
[New LWP 170966]
[New LWP 170965]
[New LWP 170964]
[New LWP 170963]
[New LWP 170962]
[New LWP 170961]
[New LWP 170960]
[New LWP 170959]
[New LWP 170958]
[New LWP 170957]
[New LWP 170956]
[New LWP 170955]
[New LWP 170954]
[New LWP 170953]
[New LWP 170949]
[New LWP 170948]
[New LWP 170855]
[New LWP 170812]
[New LWP 170811]
[New LWP 170810]
[New LWP 170808]
[New LWP 170807]
[New LWP 170793]
[New LWP 170791]
[Thread debugging using libthread_db enabled]
Using host libthread_db library "/lib/x86_64-linux-gnu/libthread_db.so.1".
0x00007f888aca672e in ?? () from /lib/x86_64-linux-gnu/libc.so.6
BASE=0x7f8854300000
Breakpoint 1 at 0x7f885acbae01
Breakpoint 2 at 0x7f885a68104f
quicdump bps set
[New Thread 0x7f8862b756c0 (LWP 171062)]
[Thread 0x7f8862b756c0 (LWP 171062) exited]
[New Thread 0x7f8807fff6c0 (LWP 171068)]
[New Thread 0x7f8803ffe6c0 (LWP 171069)]
[New Thread 0x7f88627816c0 (LWP 171070)]
[New Thread 0x7f88627606c0 (LWP 171071)]
[New Thread 0x7f8862b756c0 (LWP 171072)]
[New Thread 0x7f88625286c0 (LWP 171073)]
[New Thread 0x7f88037fd6c0 (LWP 171074)]
[New Thread 0x7f88037046c0 (LWP 171075)]
[New Thread 0x7f88031ff6c0 (LWP 171076)]
[New Thread 0x7f887868c6c0 (LWP 171077)]
[New Thread 0x7f8801fff6c0 (LWP 171078)]
[New Thread 0x7f88016be6c0 (LWP 171079)]
[New Thread 0x7f8800ebd6c0 (LWP 171080)]
[New Thread 0x7f88006bc6c0 (LWP 171081)]
[New Thread 0x7f87cbfff6c0 (LWP 171082)]
[New Thread 0x7f87cb7fe6c0 (LWP 171083)]
[New Thread 0x7f87caffd6c0 (LWP 171084)]
[Thread 0x7f88031ff6c0 (LWP 171076) exited]
[Thread 0x7f8807fff6c0 (LWP 171068) exited]
[New Thread 0x7f8807fff6c0 (LWP 171085)]
[Thread 0x7f8807fff6c0 (LWP 171085) exited]
[New Thread 0x7f8807fff6c0 (LWP 171086)]
[New Thread 0x7f8807d056c0 (LWP 171087)]
[New Thread 0x7f8807c0c6c0 (LWP 171088)]
[New Thread 0x7f88079c56c0 (LWP 171091)]
[New Thread 0x7f88078cc6c0 (LWP 171092)]
[New Thread 0x7f8806eb56c0 (LWP 171093)]
[Thread 0x7f88079c56c0 (LWP 171091) exited]
[Thread 0x7f88078cc6c0 (LWP 171092) exited]
[Thread 0x7f8806eb56c0 (LWP 171093) exited]
[New Thread 0x7f8806eb56c0 (LWP 171094)]
[Thread 0x7f8806eb56c0 (LWP 171094) exited]
[New Thread 0x7f8806eb56c0 (LWP 171095)]
[New Thread 0x7f88078cc6c0 (LWP 171096)]
[Thread 0x7f88078cc6c0 (LWP 171096) exited]
[New Thread 0x7f88078cc6c0 (LWP 171099)]
[Thread 0x7f88078cc6c0 (LWP 171099) exited]
[New Thread 0x7f88078cc6c0 (LWP 171100)]
[New Thread 0x7f88079c56c0 (LWP 171101)]
[Thread 0x7f88079c56c0 (LWP 171101) exited]
[Thread 0x7f88078cc6c0 (LWP 171100) exited]
[New Thread 0x7f8806b3b6c0 (LWP 171102)]
[New Thread 0x7f8806b166c0 (LWP 171103)]
[New Thread 0x7f8806af16c0 (LWP 171104)]
[New Thread 0x7f8806acc6c0 (LWP 171105)]
[New Thread 0x7f8806aa76c0 (LWP 171106)]
[New Thread 0x7f88079c56c0 (LWP 171107)]
[Thread 0x7f88079c56c0 (LWP 171107) exited]
[New Thread 0x7f88079c56c0 (LWP 171108)]
[New Thread 0x7f88078cc6c0 (LWP 171109)]
[Thread 0x7f88078cc6c0 (LWP 171109) exited]
[New Thread 0x7f88078cc6c0 (LWP 171110)]
[New Thread 0x7f88062da6c0 (LWP 171111)]
[New Thread 0x7f88061e16c0 (LWP 171112)]
[New Thread 0x7f8806a786c0 (LWP 171113)]
[New Thread 0x7f8806a396c0 (LWP 171114)]
[New Thread 0x7f8806a186c0 (LWP 171115)]
[Thread 0x7f8885ff36c0 (LWP 170810) exited]
[New Thread 0x7f88050546c0 (LWP 171117)]
[Thread 0x7f88050546c0 (LWP 171117) exited]
