[   0.000] join: place=1818 ...
[   1.704] join: OK job=2718c55d-b845-4747-b287-12a6793e483a
[   1.704] == join: place=1818 job=2718c55d-b845-4747-b287-12a6793e483a udp=128.116.2.33:61269 rcc=10.37.8.91 alpn=rbx-rtcio caps=002dd3c750b70892 ==
[quic] server caps ext: len=8 present=1
[quic] handshake completed (ALPN=rbx-rtcio cipher=TLS_AES_256_GCM_SHA384)
[   2.035] -> open stream 0 app=4 chan=1668575852 ctrl
[   2.035] -> send ctrl hello 2B
[   2.035] -> send openU c3 10B
[   2.035] -> send openU c5 10B
[   2.035] -> send openU c6 10B
[   2.035] -> send openU c11 10B
[   2.035] -> open stream 4 app=4 chan=1 chan1
[   2.035] -> send EARLY-AUTH 103B
[   2.035] -> send A7-real(99B) 99B
[   2.036] -> send 90 10608B
[   2.036] -> send 92 11B
[   2.036] -> send 8A 1764B
[   2.036] -> send 8F 2B
[   2.036] handshake=OK alpn=rbx-rtcio cipher=TLS_AES_256_GCM_SHA384 peer_caps=022dd3ef52ff0892 present=1
[quic] handshake confirmed
[   2.181]   <<< SERVER STREAM 3 app=4 chan=1668575852
[   2.181]   <<< SERVER STREAM 7 app=0 chan=1668575852
[   2.182]       <<< RX app=0 chan=1668575852 6B: 800000020000
[   2.182]       <<< RX app=4 chan=1668575852 6B: 800000020000
[   2.191]   <<< SERVER STREAM 11 app=4 chan=0
[   2.191]   <<< SERVER STREAM 15 app=4 chan=1
[   2.191]   <<< SERVER STREAM 19 app=4 chan=2
[   2.191]       <<< RX app=4 chan=1668575852 14B: 8000000a02040000000300000003
[   2.191]      ctrl OpenUnreliable app=4 chan=3 wire=3
[   2.191]   <<< SERVER STREAM 23 app=4 chan=4
[   2.191]   <<< SERVER STREAM 27 app=4 chan=7
[   2.193]   <<< SERVER STREAM 31 app=4 chan=8
[   2.193]   <<< SERVER STREAM 35 app=4 chan=9
[   2.193]   <<< SERVER STREAM 39 app=4 chan=10
[   2.193]   <<< SERVER STREAM 43 app=4 chan=12
[   2.193]   <<< SERVER STREAM 47 app=4 chan=13
[   2.193]       <<< RX app=4 chan=1668575852 14B: 8000000a02040000000500000005
[   2.193]      ctrl OpenUnreliable app=4 chan=5 wire=5
[   2.193]       <<< RX app=4 chan=1668575852 14B: 8000000a02040000000600000007
[   2.193]      ctrl OpenUnreliable app=4 chan=6 wire=7
[   2.193]       <<< RX app=4 chan=1668575852 14B: 8000000a02040000000b00000009
[   2.193]      ctrl OpenUnreliable app=4 chan=11 wire=9
[   2.196]       <<< RX chan1 1154B: 8000070f93002f000c00434c4931393837313856657201003320005573657250...
[   2.196]       <<< RX chan1 657B: 536372697074735265666163746f72310400747275651b00557365724162696c...
[   2.310]       <<< RX chan1 1156B: 8000079f9bc79438c1897feecc92070000f705d8b273e63e27c52bcd36f1789d...
[   2.310]       <<< RX chan1 799B: 803ceeb91af6102e11e0796672920cb1a551b10d9c167e0fbee99493b9bbed3c...
[   2.310]   *** CHALLENGE u1=0xc13894c7 u2=0xccee7f89 blob=1938B -> run/oracle_challenge.bin
[   2.311]   -> CORRUPTED ANSWER 0xfaceba40 (control test), sending
[   2.311] -> send 9B-LOCAL 9B
[   2.312]       <<< RX chan1 1156B: 8000cfac97a3cf00001460050028b52ffda014600500ac32027a7e0a7a55d094...
[   2.312]   *** POST-ANSWER TRAFFIC on chan1 — server kept the session (peer assignment / replication)
[   2.312]       <<< RX chan1 1156B: 1d693476e3d8d2d196b3bddf2a577f3a025dffc8fd8db6dcfdcdd855b9bf91a7...
[   2.313]       <<< RX chan1 1156B: 153e1d79321a054f8df6d960262ffff0616842cb7424d6d5a88df2c1ee0ab91a...
[   2.313]       <<< RX chan1 1156B: 1cc676b8f6fd15f894ab480ff11cedea3d374323f6e3aeb7ae731e8babc5d539...
[   2.316]       <<< RX chan1 1156B: d2b998ef8934b5c1a6dfeef09332db6c7b9ad02e3ed0b4ed621c41980bd20203...
[   2.316]       <<< RX chan1 1156B: c4618306bb2b14c1e96e48cbdc763ac20d82710e3708e8d9a46dd7662e0c439a...
[   2.319]       <<< RX chan1 1156B: 0643e6db99aa213d8c23c63862c61124f1517d602ca5628af6cf5651da21d98b...
[   2.319]       <<< RX chan1 1156B: f18b01e7b4432c2f82467de9529637a94a457436b375af68cb89d59eb82b468b...
[   2.321]       <<< RX chan1 1156B: b6512aa04d3ca3296d67a7052b6e2a5f5c1c3ad6faa3c6913a435ed8687e1dba...
[   2.321]       <<< RX chan1 1156B: abba66219c7986ad4b6ae4ccccf16ad091f9a548cc3f928b0bc9678f1489c6b4...
[   2.324]       <<< RX chan1 1156B: 4da464d14ffc03a6a570f441ce43d5e39931b038454e51dcdb672183636214e5...
[   2.324]       <<< RX chan1 1154B: f350c17ea15b2d8bcc1a2d9dcaa1490b627fc707385d4733c4802441c3c44e6b...
[   2.326]       <<< RX chan1 1154B: 7de4f43ba2e4aa1285e10cff94be584707b77dd637fd817898f72404e52b0205...
[   2.326]       <<< RX chan1 1154B: 5fc71fe4958e919211a0bb85b163f70f0b0dac2f68ebc259af1090e07a1cad59...
[   2.330]       <<< RX chan1 1154B: 879c393b5443cdfce032d08f79d715e68293b5e65f00457c683e25de92550973...
[   2.330]       <<< RX chan1 1154B: 534a6bc3345682cc4911f24fde18413cc666a387b84100232ad6a8740c944a6b...
[   2.333]       <<< RX chan1 1154B: 5a45ace73b93ef47eda91d66392410cd01298b5cfd152e45dd129d33c94f1047...
[   2.333]       <<< RX chan1 1154B: 7bafb4cc1923fbb04fd896213267102e6710492d510cd81a1a02d0f8fdf18964...
[   2.336]       <<< RX chan1 1154B: 504c321e5c664136caa492950e55b239f2496ccd110e4bcde37330ca03ca02ae...
[   2.336]       <<< RX chan1 1154B: c0fe271559374ecb8efbed0e1399dd81e5042faaf7428e03b974675d9743f91f...
[   2.338]       <<< RX chan1 1154B: a05569b310919e55b94344247cb5d1316a98df795e6762a4455d0ad25fcc199a...
[   2.338]       <<< RX chan1 1154B: 83928121d2a9f169d121aba62448ad8d52e2116511f284e80d9144259bbe96f1...
[   2.342]       <<< RX chan1 1154B: 8a3e4b6f38932920b892fa4aa145fa0fda7d3ba978cf4fea06379699089798ce...
[   2.342]       <<< RX chan1 1154B: 89176102ee6b7e4111ff96d12a3a5aa903c416ad024449c09cea7ac46d73e6dc...
[   2.343]       <<< RX chan1 1154B: f295cbd083d167d9aea8b4c9654ef5bb787e7d4be2ec1acc7b0a551a1ffc9424...
[   2.343]       <<< RX chan1 1154B: 4d0e159d930513a204662836501e3375b187987e0560fa5fa003db8740ecae50...
[   2.346]       <<< RX chan1 1154B: 4c2a3389cca423261931a9679298496126157166129849444cf23289e4c3241e...
[   2.346]       <<< RX chan1 1154B: 023874c5212b0e5571888a43531c92e2501487a038f4c45fa1001c6ae2101387...
[   2.351]       <<< RX chan1 1154B: febbefbce3ae737bedb4e33c76d86dfebaebadaf54a99f6e3ae9a07f968294c0...
[   2.351]       <<< RX chan1 1154B: b15667cca8d102faa0f1a2063613bdc68cb9856ed6ac417dcc1451260b181e1b...
[   2.352]       <<< RX chan1 1154B: 5f9afccae41726bf2ef965c9af0afca2c059af4a7e4df24b925f91fc82c0af47...
[   2.352]       <<< RX chan1 1154B: af5bad5bac5bab5baa5ba85ba75ba65ba55ba35ba25ba15b20d69a59afcc7265...
[   2.355]       <<< RX chan1 1154B: 691569d568956855681568d527b5e6d42ba75c39d5caa9119c12c1a910b4e414...
[   2.355]       <<< RX chan1 1154B: 6c8a6493043639b2a9914d8b6c526453229b10d9f4804d87246093033615b289...
[   2.358]       <<< RX chan1 1154B: 353daee5710d8f6b77bc849a1dd7eab846c7353928b9e6c6b5055c6be31a1bd7...
[   2.358]       <<< RX chan1 1154B: e390b908a7679c30e314310ece10e304310e10e3f870118e0ee3701967cb3839...
[   2.361]       <<< RX chan1 1154B: cdb233cbcc2c2bb38cccb231cb8e5866c4b29e656296855956c4329e6560967d...
[   2.379] -> open stream 8 app=4 chan=11 routes
[   2.380] -> send route(15B) 15B
[   2.380] -> send route(18B) 18B
[   2.380] -> send route(21B) 21B
[   2.380] -> send route(24B) 24B
[   2.429]       <<< RX chan1 1154B: 3b69bc938077ce78678c77c448e21d30de41c03b5ebcc3c53b5abc93c53b0278...
[   2.430]       <<< RX chan1 1154B: 67c8bd42ee11726f907b82dc0be41e20f7feb8e7c7bd3eeeed712f8f7b78dcbb...
[   2.430]       <<< RX chan1 1154B: b26e95751f58a74a05eb5259d78175a8ac3b659d06d691b26e94751958778175...
[   2.430]       <<< RX chan1 1154B: 1a07ba48e795755a596704eb84e0b4ce07d649651d0fac83ca3aa698d629651d...
[   2.435]       <<< RX chan1 1154B: 96aa49623be23c877c93964701e839caa14dde8d0ae2fa3babdc450b774f65a4...
[   2.435]       <<< RX chan1 1154B: a1c6d1049fd12442351294763184425e91795f3e0d22ebf2d5aedfd0bdcbd695...
[   2.438]       <<< RX chan1 1154B: b1a2e5aa58f1cbdaf7db51f45b55e1f667440e896fa776672375c885dee32ed8...
[   2.438]       <<< RX chan1 1154B: 7401b7600a7f87607a5f6222b1b434bbade368101e4ab295b3219a3eedfe054f...
[   2.441]       <<< RX chan1 1154B: e0a172cdd90a3a3ffdb89cc43a07036b2ac11a62e104fe35310aff0a4ca0b86c...
[   2.441]       <<< RX chan1 62B: a5ae663065c62ce555e70c4bc0ad3657b85402acf02299c1bafaa3e7e97c577f...
[   2.441]       <<< RX chan1 532B: 8000021081010101000100018d0790f658003901772300009f01000001c02e00...
[   2.442]       <<< RX chan1 9B: 800000058485030000
[   2.442]       <<< RX chan1 1154B: 80000fe9830201565354007701ff00a61e02000b4868747470733a2f2f617069...
[   2.442]       <<< RX chan1 1154B: 4c2cd2b86b1dc0a8ba2ad36bf8c8480cdc5f65a0ecf9421b98302ac816d5fab0...
[   2.445]       <<< RX chan1 1154B: 58b5d3adee571e1cf96c8cc259c63312e7c779a7fecd5d5fcccf1352314e5fd8...
[   2.445]       <<< RX chan1 615B: e429fafdd71fff9f9c7ebea99e1448cea64f30382d85cc153d4d507761e71101...
[   2.446]       <<< RX chan1 11B: 8000000783100c00000000
[   2.446]       <<< RX chan1 1154B: 80005ae2831601d65a0000cc5a000028b52ffd60cc5961d60245264080843d8a...
[   2.446]       <<< RX chan1 1154B: 9321e939195035b79d3f712e2238c2ad661face74f72f0f6411a6dbb313c5b72...
[quic] error: read_pkt: ERR_DRAINING
[   2.448] == summary == challenge=yes answered=yes peer=yes resets=0 chan1_rx=63871 dummy_rx=0
[   2.448] == solved=yes answer=0xfaceba40 solve_ms=1 tx=65 rx=80 dropped=0 err=read_pkt: ERR_DRAINING
[   2.448]   stream 0: rx=0 fin=0 reset=0 code=0
[   2.448]   stream 3: rx=69 fin=0 reset=0 code=0
[   2.448]   stream 4: rx=0 fin=0 reset=0 code=0
[   2.448]   stream 7: rx=13 fin=0 reset=0 code=0
[   2.448]   stream 8: rx=0 fin=0 reset=0 code=0
[   2.448]   stream 11: rx=7 fin=0 reset=0 code=0
[   2.448]   stream 15: rx=63878 fin=0 reset=0 code=0
[   2.448]   stream 19: rx=7 fin=0 reset=0 code=0
[   2.448]   stream 23: rx=7 fin=0 reset=0 code=0
[   2.448]   stream 27: rx=7 fin=0 reset=0 code=0
[   2.448]   stream 31: rx=7 fin=0 reset=0 code=0
[   2.448]   stream 35: rx=7 fin=0 reset=0 code=0
[   2.448]   stream 39: rx=7 fin=0 reset=0 code=0
[   2.448]   stream 43: rx=7 fin=0 reset=0 code=0
[   2.448]   stream 47: rx=7 fin=0 reset=0 code=0
